[saldowdofficial.vercel.app/index.html]
[backblue.gif]
[fade.gif]
[index.html]
[mainsaldo.com/Assets/favicon.png]
[assets.squarespace.com/@sqs/polyfiller/1.6/legacy.js]
[use.typekit.net/ik/YBu34tnxV4Qnak-NQdXM8x5qF7OcRbDshoILwz0AU8Jfe7CgfFHN4UJLFRbh52jhWDjuZcb3ZRqtwAmRwR9oFeFR5eZyw2Ia5gGMJ6lzS1gGZWmDOWgkdkJPjAszjc9lZhBkjAuzdcblSY4zH6GJE_tgIMMjgfMfH6GJujXfIMMjgPMfH6GJEdtgIMMjgkMf]
[assets.squarespace.com/universal/styles-compressed/commerce-2af06f7948db5477d8f5-min.en-US.css]
[assets.squarespace.com/@sqs/polyfiller/1.6/modern.js]
[static1.squarespace.com/static/versioned-site-css/65fd0f981ec2594cc8fa0178/1/5c5a519771c10ba3470d8101/65fd0f981ec2594cc8fa0180/1615/site.css]
[saldowdofficial.vercel.app/yhBH4lnOjWpDoOUq.c.delayed]
[saldowdofficial.vercel.app/09Vl3QKvrlWHz-tR.d.delayed]
[mainsaldo.com/Assets/logo-saldowd2.png]
[saldowdofficial.vercel.app/cart.f.delayed]
[saldowdofficial.vercel.app/store.10.delayed]
[saldowdofficial.vercel.app/all-prints.11.delayed]
[saldowdofficial.vercel.app/about.12.delayed]
[saldowdofficial.vercel.app/store/p/zeus.13.delayed]
[saldowdofficial.vercel.app/index.html]
[static1.squarespace.com/static/vta/5c5a519771c10ba3470d8101/scripts/site-bundle.6c05f1e49429ba1d8919cf9e9cce7b3f.js]
[assets.squarespace.com/universal/images-v6/standard/icon_close_7_light.png]
[assets.squarespace.com/universal/styles-compressed/commerce-2af06f7948db5477d8f5-min.en-US.css]
[assets.squarespace.com/universal/images-v6/damask/error-dark.png]
[assets.squarespace.com/universal/images-v6/damask/error-dark@2x.png]
[assets.squarespace.com/universal/images-v6/damask/play-button.png]
[assets.squarespace.com/universal/images-v6/damask/play-button@2x.png]
[assets.squarespace.com/universal/images-v6/damask/edit-aviary-light.png]
[assets.squarespace.com/universal/images-v6/damask/edit-aviary-light@2x.png]
[assets.squarespace.com/universal/images-v6/damask/edit-info-light.png]
[assets.squarespace.com/universal/images-v6/damask/edit-info-light@2x.png]
[assets.squarespace.com/universal/images-v6/damask/trash-9-light.png]
[assets.squarespace.com/universal/images-v6/damask/trash-9-light@2x.png]
[assets.squarespace.com/universal/images-v6/damask/trash-9-red.png]
[assets.squarespace.com/universal/images-v6/damask/trash-9-red@2x.png]
[assets.squarespace.com/universal/images-v6/damask/getty-16-light.png]
[assets.squarespace.com/universal/images-v6/damask/getty-32-light.png]
[assets.squarespace.com/universal/images-v6/damask/shopping-cart-16-light.png]
[assets.squarespace.com/universal/images-v6/damask/shopping-cart-32-light.png]
[assets.squarespace.com/universal/images-v6/icons/block-indicator-dark.png]
[assets.squarespace.com/universal/images-v6/icons/block-indicator-dark@2x.png]
[assets.squarespace.com/universal/images-v6/icons/opentable-icons.png]
[assets.squarespace.com/universal/images-v6/icons/icon-searchqueries-20-dark.png]
[assets.squarespace.com/universal/images-v6/icons/icon-searchqueries-20-light.png]
[assets.squarespace.com/universal/images-v6/icons/icon-video-24-light-solid.png]
[assets.squarespace.com/universal/images-v6/icons/icon-settings-16-light.png]
[static1.squarespace.com/static/versioned-site-css/65fd0f981ec2594cc8fa0178/1/5c5a519771c10ba3470d8101/65fd0f981ec2594cc8fa0180/1615/site.css]
[saldowdofficial.vercel.app/yhBH4lnOjWpDoOUq.html]
[saldowdofficial.vercel.app/09Vl3QKvrlWHz-tR.html]
[saldowdofficial.vercel.app/cart.html]
[saldowdofficial.vercel.app/store.html]
[saldowdofficial.vercel.app/all-prints.html]
[saldowdofficial.vercel.app/about.html]
[saldowdofficial.vercel.app/store/p/zeus.html]
